stm32f4xx_it.c:56:6:NMI_Handler	0	static
stm32f4xx_it.c:69:6:HardFault_Handler	0	static
stm32f4xx_it.c:87:6:MemManage_Handler	0	static
stm32f4xx_it.c:105:6:BusFault_Handler	0	static
stm32f4xx_it.c:123:6:UsageFault_Handler	0	static
stm32f4xx_it.c:141:6:SVC_Handler	0	static
stm32f4xx_it.c:154:6:DebugMon_Handler	0	static
stm32f4xx_it.c:167:6:PendSV_Handler	0	static
stm32f4xx_it.c:180:6:SysTick_Handler	8	static
stm32f4xx_it.c:202:6:TIM1_UP_TIM10_IRQHandler	0	static
stm32f4xx_it.c:216:6:TIM2_IRQHandler	0	static
stm32f4xx_it.c:230:6:TIM3_IRQHandler	0	static
stm32f4xx_it.c:244:6:TIM4_IRQHandler	0	static
stm32f4xx_it.c:258:6:USART3_IRQHandler	0	static
