stm32f4xx_hal_msp.c:49:6:HAL_MspInit	8	static
stm32f4xx_hal_msp.c:78:6:HAL_TIM_Base_MspInit	32	static
stm32f4xx_hal_msp.c:124:6:HAL_TIM_IC_MspInit	40	static
stm32f4xx_hal_msp.c:156:6:HAL_TIM_PWM_MspInit	16	static
stm32f4xx_hal_msp.c:176:6:HAL_TIM_MspPostInit	32	static
stm32f4xx_hal_msp.c:203:6:HAL_TIM_Base_MspDeInit	8	static
stm32f4xx_hal_msp.c:242:6:HAL_TIM_IC_MspDeInit	8	static
stm32f4xx_hal_msp.c:267:6:HAL_TIM_PWM_MspDeInit	0	static
stm32f4xx_hal_msp.c:287:6:HAL_UART_MspInit	32	static
stm32f4xx_hal_msp.c:320:6:HAL_UART_MspDeInit	8	static
